  Array.cpp
C:\Users\diduk\OneDrive\Desktop\labs\OOP_LAB6.1\OOP_LAB6.1\Array.h(24,52): warning C5040: dynamic exception specifications are valid only in C++14 and earlier; treating as noexcept(false)
  (compiling source file 'Array.cpp')
  
C:\Users\diduk\OneDrive\Desktop\labs\OOP_LAB6.1\OOP_LAB6.1\Array.h(25,36): warning C5040: dynamic exception specifications are valid only in C++14 and earlier; treating as noexcept(false)
  (compiling source file 'Array.cpp')
  
C:\Users\diduk\OneDrive\Desktop\labs\OOP_LAB6.1\OOP_LAB6.1\Array.h(26,65): warning C5040: dynamic exception specifications are valid only in C++14 and earlier; treating as noexcept(false)
  (compiling source file 'Array.cpp')
  
C:\Users\diduk\OneDrive\Desktop\labs\OOP_LAB6.1\OOP_LAB6.1\Array.h(39,47): warning C5040: dynamic exception specifications are valid only in C++14 and earlier; treating as noexcept(false)
  (compiling source file 'Array.cpp')
  
C:\Users\diduk\OneDrive\Desktop\labs\OOP_LAB6.1\OOP_LAB6.1\Array.h(41,48): warning C5040: dynamic exception specifications are valid only in C++14 and earlier; treating as noexcept(false)
  (compiling source file 'Array.cpp')
  
C:\Users\diduk\OneDrive\Desktop\labs\OOP_LAB6.1\OOP_LAB6.1\Array.h(42,60): warning C5040: dynamic exception specifications are valid only in C++14 and earlier; treating as noexcept(false)
  (compiling source file 'Array.cpp')
  
C:\Users\diduk\OneDrive\Desktop\labs\OOP_LAB6.1\OOP_LAB6.1\Array.cpp(4,45): warning C5040: dynamic exception specifications are valid only in C++14 and earlier; treating as noexcept(false)
C:\Users\diduk\OneDrive\Desktop\labs\OOP_LAB6.1\OOP_LAB6.1\Array.cpp(12,41): warning C5040: dynamic exception specifications are valid only in C++14 and earlier; treating as noexcept(false)
C:\Users\diduk\OneDrive\Desktop\labs\OOP_LAB6.1\OOP_LAB6.1\Array.cpp(34,50): warning C5040: dynamic exception specifications are valid only in C++14 and earlier; treating as noexcept(false)
C:\Users\diduk\OneDrive\Desktop\labs\OOP_LAB6.1\OOP_LAB6.1\Array.cpp(44,65): warning C5040: dynamic exception specifications are valid only in C++14 and earlier; treating as noexcept(false)
C:\Users\diduk\OneDrive\Desktop\labs\OOP_LAB6.1\OOP_LAB6.1\Array.cpp(49,77): warning C5040: dynamic exception specifications are valid only in C++14 and earlier; treating as noexcept(false)
  OOP_LAB6.1.cpp
C:\Users\diduk\OneDrive\Desktop\labs\OOP_LAB6.1\OOP_LAB6.1\Array.h(24,52): warning C5040: dynamic exception specifications are valid only in C++14 and earlier; treating as noexcept(false)
  (compiling source file 'OOP_LAB6.1.cpp')
  
C:\Users\diduk\OneDrive\Desktop\labs\OOP_LAB6.1\OOP_LAB6.1\Array.h(25,36): warning C5040: dynamic exception specifications are valid only in C++14 and earlier; treating as noexcept(false)
  (compiling source file 'OOP_LAB6.1.cpp')
  
C:\Users\diduk\OneDrive\Desktop\labs\OOP_LAB6.1\OOP_LAB6.1\Array.h(26,65): warning C5040: dynamic exception specifications are valid only in C++14 and earlier; treating as noexcept(false)
  (compiling source file 'OOP_LAB6.1.cpp')
  
C:\Users\diduk\OneDrive\Desktop\labs\OOP_LAB6.1\OOP_LAB6.1\Array.h(39,47): warning C5040: dynamic exception specifications are valid only in C++14 and earlier; treating as noexcept(false)
  (compiling source file 'OOP_LAB6.1.cpp')
  
C:\Users\diduk\OneDrive\Desktop\labs\OOP_LAB6.1\OOP_LAB6.1\Array.h(41,48): warning C5040: dynamic exception specifications are valid only in C++14 and earlier; treating as noexcept(false)
  (compiling source file 'OOP_LAB6.1.cpp')
  
C:\Users\diduk\OneDrive\Desktop\labs\OOP_LAB6.1\OOP_LAB6.1\Array.h(42,60): warning C5040: dynamic exception specifications are valid only in C++14 and earlier; treating as noexcept(false)
  (compiling source file 'OOP_LAB6.1.cpp')
  
  Generating Code...
  OOP_LAB6.1.vcxproj -> C:\Users\diduk\OneDrive\Desktop\labs\OOP_LAB6.1\x64\Debug\OOP_LAB6.1.exe
